../Core/Src/main_app.c:25:5:main	16	static
../Core/Src/main_app.c:67:6:welcome	8	static
../Core/Src/main_app.c:74:6:SystemClock_Config	104	static
../Core/Src/main_app.c:189:6:UART_Init	8	static
../Core/Src/main_app.c:206:6:ADC_Init	8	static
../Core/Src/main_app.c:227:10:ADC_Read	24	static
../Core/Src/main_app.c:244:7:ADC_Convert_To_Temperature	16	static
../Core/Src/main_app.c:252:6:ADC_Channel_config	32	static
../Core/Src/main_app.c:266:6:TIM6_init	8	static
../Core/Src/main_app.c:281:6:TIM2_init	40	static
../Core/Src/main_app.c:313:6:HAL_TIM_PeriodElapsedCallback	16	static
../Core/Src/main_app.c:328:6:printmsg	96	static
../Core/Src/main_app.c:340:6:Error_handler	4	static
