../Core/Src/main_app.c:23:5:main	16	static
../Core/Src/main_app.c:63:6:welcome	8	static
../Core/Src/main_app.c:70:6:SystemClock_Config	104	static
../Core/Src/main_app.c:185:6:UART_Init	8	static
../Core/Src/main_app.c:202:6:ADC_Init	8	static
../Core/Src/main_app.c:223:10:ADC_Read	24	static
../Core/Src/main_app.c:240:7:ADC_Convert_To_Temperature	16	static
../Core/Src/main_app.c:248:6:ADC_Channel_config	32	static
../Core/Src/main_app.c:262:6:TIM6_init	8	static
../Core/Src/main_app.c:277:6:TIM2_init	40	static
../Core/Src/main_app.c:309:6:HAL_TIM_PeriodElapsedCallback	16	static
../Core/Src/main_app.c:324:6:printmsg	96	static
../Core/Src/main_app.c:336:6:Error_handler	4	static
