../Core/Src/main_app.c:25:5:main	4
../Core/Src/main_app.c:67:6:welcome	1
../Core/Src/main_app.c:74:6:SystemClock_Config	9
../Core/Src/main_app.c:189:6:UART_Init	2
../Core/Src/main_app.c:206:6:ADC_Init	2
../Core/Src/main_app.c:227:10:ADC_Read	2
../Core/Src/main_app.c:244:7:ADC_Convert_To_Temperature	1
../Core/Src/main_app.c:252:6:ADC_Channel_config	2
../Core/Src/main_app.c:266:6:TIM6_init	2
../Core/Src/main_app.c:281:6:TIM2_init	4
../Core/Src/main_app.c:313:6:HAL_TIM_PeriodElapsedCallback	3
../Core/Src/main_app.c:328:6:printmsg	1
../Core/Src/main_app.c:340:6:Error_handler	1
