../Core/Src/main_app.c:32:5:main	7
../Core/Src/main_app.c:82:6:welcome	1
../Core/Src/main_app.c:89:10:ADC_Read	1
../Core/Src/main_app.c:102:7:ADC_Convert_To_Temperature	1
../Core/Src/main_app.c:110:10:ADC_Convert_To_Light	1
../Core/Src/main_app.c:118:6:ADC_Channel_config	2
../Core/Src/main_app.c:132:6:RTC_Init	2
../Core/Src/main_app.c:148:6:RTC_Set_Time_Date	3
../Core/Src/main_app.c:174:7:RTC_Get_Time_Date	3
../Core/Src/main_app.c:205:6:HAL_TIM_PeriodElapsedCallback	3
../Core/Src/main_app.c:220:6:printmsg	1
